[htmlbeans.com/html/eagleeyes/index04b9.html]
[backblue.gif]
[fade.gif]
[index.html]
[htmlbeans.com/html/eagleeyes/css/animate.css]
[htmlbeans.com/html/eagleeyes/css/bootstrap.css]
[htmlbeans.com/html/eagleeyes/css/font-awesome.min.css]
[htmlbeans.com/html/eagleeyes/style.css]
[htmlbeans.com/html/eagleeyes/css/responsive.css]
[htmlbeans.com/html/eagleeyes/css/color/color.css]
[htmlbeans.com/html/eagleeyes/index.html]
[htmlbeans.com/html/eagleeyes/index2.html]
[htmlbeans.com/html/eagleeyes/portfolio.html]
[htmlbeans.com/html/eagleeyes/portfolio-grid.html]
[htmlbeans.com/html/eagleeyes/portfolio-2grid.html]
[htmlbeans.com/html/eagleeyes/portfolio-3grid.html]
[htmlbeans.com/html/eagleeyes/portfolio-detail.html]
[htmlbeans.com/html/eagleeyes/blog.html]
[htmlbeans.com/html/eagleeyes/blog-left-sidebar.html]
[htmlbeans.com/html/eagleeyes/blog-right-sidebar.html]
[htmlbeans.com/html/eagleeyes/blog2.html]
[htmlbeans.com/html/eagleeyes/blog2-left-sidebar.html]
[htmlbeans.com/html/eagleeyes/blog2-right-sidebar.html]
[htmlbeans.com/html/eagleeyes/blog3.html]
[htmlbeans.com/html/eagleeyes/blog3-left-sidebar.html]
[htmlbeans.com/html/eagleeyes/blog3-right-sidebar.html]
[htmlbeans.com/html/eagleeyes/blog-detail.html]
[htmlbeans.com/html/eagleeyes/blog-detail-left-sidebar.html]
[htmlbeans.com/html/eagleeyes/blog-detail-right-sidebar.html]
[htmlbeans.com/html/eagleeyes/aboutus.html]
[htmlbeans.com/html/eagleeyes/contact.html]
[htmlbeans.com/html/eagleeyes/contact2.html]
[htmlbeans.com/html/eagleeyes/shortcodes.html]
[htmlbeans.com/html/eagleeyes/shortcodes2.html]
[htmlbeans.com/html/eagleeyes/shortcodes3.html]
[htmlbeans.com/html/eagleeyes/shortcodes4.html]
[htmlbeans.com/html/eagleeyes/images/img-01.jpg]
[htmlbeans.com/html/eagleeyes/images/img002.jpg]
[htmlbeans.com/html/eagleeyes/images/img003.jpg]
[htmlbeans.com/html/eagleeyes/images/img-02.jpg]
[htmlbeans.com/html/eagleeyes/images/img-03.jpg]
[htmlbeans.com/html/eagleeyes/images/img-04.jpg]
[htmlbeans.com/html/eagleeyes/images/img-05.jpg]
[htmlbeans.com/html/eagleeyes/images/img-06.jpg]
[htmlbeans.com/html/eagleeyes/images/img-77.jpg]
[htmlbeans.com/html/eagleeyes/images/img78.jpg]
[htmlbeans.com/html/eagleeyes/images/img-07.jpg]
[htmlbeans.com/html/eagleeyes/images/img-08.jpg]
[htmlbeans.com/html/eagleeyes/images/img-10.jpg]
[htmlbeans.com/html/eagleeyes/images/img-09.jpg]
[htmlbeans.com/html/eagleeyes/images/img-11.jpg]
[htmlbeans.com/html/eagleeyes/images/img-12.jpg]
[htmlbeans.com/html/eagleeyes/images/img-15.jpg]
[htmlbeans.com/html/eagleeyes/images/img-14.jpg]
[htmlbeans.com/html/eagleeyes/images/img-13.jpg]
[htmlbeans.com/html/eagleeyes/images/img-16.jpg]
[htmlbeans.com/html/eagleeyes/images/img-17.jpg]
[htmlbeans.com/html/eagleeyes/inc/style-changer.html]
[htmlbeans.com/html/eagleeyes/js/functions.js]
[htmlbeans.com/html/eagleeyes/index04b9.html]
[htmlbeans.com/html/eagleeyes/css/animate.css]
[htmlbeans.com/html/eagleeyes/fonts/bootstrap/glyphicons-halflings-regular.eot]
[htmlbeans.com/html/eagleeyes/js/jquery-1.11.3.min.js]
[www.google-analytics.com/analytics.js]
[htmlbeans.com/html/eagleeyes/fonts/bootstrap/glyphicons-halflings-regulard41d.eot]
[htmlbeans.com/html/eagleeyes/fonts/bootstrap/glyphicons-halflings-regular.woff]
[htmlbeans.com/html/eagleeyes/fonts/bootstrap/glyphicons-halflings-regular.ttf]
[htmlbeans.com/html/eagleeyes/js/plugins.js]
[htmlbeans.com/html/eagleeyes/css/bootstrap.css]
[htmlbeans.com/html/eagleeyes/fonts/fontawesome-webfont914c.eot]
[htmlbeans.com/html/eagleeyes/fonts/fontawesome-webfontd41d.eot]
[htmlbeans.com/html/eagleeyes/fonts/fontawesome-webfont914c.woff]
[htmlbeans.com/html/eagleeyes/fonts/fontawesome-webfont914c.ttf]
[htmlbeans.com/html/eagleeyes/css/font-awesome.min.css]
[htmlbeans.com/html/eagleeyes/fonts/fontello.eot]
[htmlbeans.com/html/eagleeyes/fonts/fontello.woff]
[htmlbeans.com/html/eagleeyes/fonts/fontellod41d.eot]
[htmlbeans.com/html/eagleeyes/fonts/fontello.ttf]
[htmlbeans.com/html/eagleeyes/fonts/icomoon.eot]
[htmlbeans.com/html/eagleeyes/fonts/icomoon.woff]
[htmlbeans.com/html/eagleeyes/fonts/icomoon.ttf]
[htmlbeans.com/html/eagleeyes/fonts/icomoond41d.eot]
[htmlbeans.com/html/eagleeyes/fonts/OCRAStd.eot]
[htmlbeans.com/html/eagleeyes/fonts/OCRAStd.woff]
[htmlbeans.com/html/eagleeyes/fonts/OCRAStd.ttf]
[htmlbeans.com/html/eagleeyes/fonts/OCRAStdd41d.eot]
[htmlbeans.com/html/eagleeyes/fonts/muli-extralight-webfont.eot]
[htmlbeans.com/html/eagleeyes/fonts/muli-extralight-webfont.woff]
[htmlbeans.com/html/eagleeyes/fonts/muli-extralight-webfont.ttf]
[htmlbeans.com/html/eagleeyes/fonts/muli-extralight-webfontd41d.eot]
[htmlbeans.com/html/eagleeyes/fonts/muli-extralightitalic-webfont.eot]
[htmlbeans.com/html/eagleeyes/fonts/muli-extralightitalic-webfont.woff]
[htmlbeans.com/html/eagleeyes/fonts/muli-extralightitalic-webfont.ttf]
[htmlbeans.com/html/eagleeyes/fonts/muli-extralightitalic-webfontd41d.eot]
[htmlbeans.com/html/eagleeyes/fonts/muli-light-webfont.eot]
[htmlbeans.com/html/eagleeyes/fonts/muli-light-webfont.woff]
[htmlbeans.com/html/eagleeyes/fonts/muli-light-webfontd41d.eot]
[htmlbeans.com/html/eagleeyes/fonts/muli-light-webfont.ttf]
[htmlbeans.com/html/eagleeyes/fonts/muli-lightitalic-webfont.eot]
[htmlbeans.com/html/eagleeyes/fonts/muli-lightitalic-webfont.woff]
[htmlbeans.com/html/eagleeyes/fonts/muli-lightitalic-webfontd41d.eot]
[htmlbeans.com/html/eagleeyes/fonts/muli-lightitalic-webfont.ttf]
[htmlbeans.com/html/eagleeyes/fonts/muli-webfont.eot]
[htmlbeans.com/html/eagleeyes/fonts/muli-webfont.woff]
[htmlbeans.com/html/eagleeyes/fonts/muli-webfontd41d.eot]
[htmlbeans.com/html/eagleeyes/fonts/muli-webfont.ttf]
[htmlbeans.com/html/eagleeyes/fonts/muli-italic-webfont.eot]
[htmlbeans.com/html/eagleeyes/fonts/muli-italic-webfont.woff]
[htmlbeans.com/html/eagleeyes/fonts/muli-italic-webfontd41d.eot]
[htmlbeans.com/html/eagleeyes/fonts/muli-italic-webfont.ttf]
[htmlbeans.com/html/eagleeyes/fonts/muli-semibold-webfont.eot]
[htmlbeans.com/html/eagleeyes/fonts/muli-semibold-webfont.woff]
[htmlbeans.com/html/eagleeyes/fonts/muli-semibold-webfont.ttf]
[htmlbeans.com/html/eagleeyes/fonts/muli-semibold-webfontd41d.eot]
[htmlbeans.com/html/eagleeyes/fonts/muli-semi-bolditalic-webfont.eot]
[htmlbeans.com/html/eagleeyes/fonts/muli-semi-bolditalic-webfontd41d.eot]
[htmlbeans.com/html/eagleeyes/fonts/muli-semi-bolditalic-webfont.woff]
[htmlbeans.com/html/eagleeyes/fonts/muli-semi-bolditalic-webfont.ttf]
[htmlbeans.com/html/eagleeyes/fonts/muli-bold-webfont.eot]
[htmlbeans.com/html/eagleeyes/fonts/muli-bold-webfont.woff]
[htmlbeans.com/html/eagleeyes/fonts/muli-bold-webfont.ttf]
[htmlbeans.com/html/eagleeyes/fonts/muli-bold-webfontd41d.eot]
[htmlbeans.com/html/eagleeyes/fonts/muli-bolditalic-webfont.eot]
[htmlbeans.com/html/eagleeyes/fonts/muli-bolditalic-webfont.woff]
[htmlbeans.com/html/eagleeyes/fonts/muli-bolditalic-webfontd41d.eot]
[htmlbeans.com/html/eagleeyes/fonts/muli-bolditalic-webfont.ttf]
[htmlbeans.com/html/eagleeyes/images/zero.png]
[htmlbeans.com/html/eagleeyes/style.css]
[htmlbeans.com/html/eagleeyes/css/fonts.css]
[htmlbeans.com/html/eagleeyes/css/responsive.css]
[htmlbeans.com/html/eagleeyes/css/color/color.css]
[htmlbeans.com/html/eagleeyes/images/logo.svg]
[htmlbeans.com/html/eagleeyes/index.html]
[htmlbeans.com/html/eagleeyes/index2.html]
[htmlbeans.com/html/eagleeyes/images/img-18.jpg]
[htmlbeans.com/html/eagleeyes/images/img-52.jpg]
[htmlbeans.com/html/eagleeyes/images/img-73.jpg]
[htmlbeans.com/html/eagleeyes/images/img-53.jpg]
[htmlbeans.com/html/eagleeyes/images/img-74.jpg]
[htmlbeans.com/html/eagleeyes/images/img-75.jpg]
[htmlbeans.com/html/eagleeyes/images/img-76.jpg]
[htmlbeans.com/html/eagleeyes/images/img-54.jpg]
[htmlbeans.com/html/eagleeyes/portfolio.html]
[htmlbeans.com/html/eagleeyes/images/img-62.jpg]
[htmlbeans.com/html/eagleeyes/images/img-63.jpg]
[htmlbeans.com/html/eagleeyes/images/img-64.jpg]
[htmlbeans.com/html/eagleeyes/images/img-65.jpg]
[htmlbeans.com/html/eagleeyes/images/img-66.jpg]
[htmlbeans.com/html/eagleeyes/portfolio-grid.html]
[htmlbeans.com/html/eagleeyes/images/img-67.jpg]
[htmlbeans.com/html/eagleeyes/images/img-68.jpg]
[htmlbeans.com/html/eagleeyes/images/img-69.jpg]
[htmlbeans.com/html/eagleeyes/images/img-70.jpg]
[htmlbeans.com/html/eagleeyes/images/img-71.jpg]
[htmlbeans.com/html/eagleeyes/images/img-72.jpg]
[htmlbeans.com/html/eagleeyes/portfolio-2grid.html]
[htmlbeans.com/html/eagleeyes/images/img-51.jpg]
[htmlbeans.com/html/eagleeyes/images/img-55.jpg]
[htmlbeans.com/html/eagleeyes/images/img-56.jpg]
[htmlbeans.com/html/eagleeyes/images/img-57.jpg]
[htmlbeans.com/html/eagleeyes/images/img-58.jpg]
[htmlbeans.com/html/eagleeyes/images/img-59.jpg]
[htmlbeans.com/html/eagleeyes/portfolio-3grid.html]
[htmlbeans.com/html/eagleeyes/images/img-60.jpg]
[htmlbeans.com/html/eagleeyes/portfolio-detail.html]
[htmlbeans.com/html/eagleeyes/images/img-42.jpg]
[htmlbeans.com/html/eagleeyes/images/img-43.jpg]
[htmlbeans.com/html/eagleeyes/images/img-44.jpg]
[htmlbeans.com/html/eagleeyes/images/img-45.jpg]
[htmlbeans.com/html/eagleeyes/images/img-46.jpg]
[htmlbeans.com/html/eagleeyes/images/img-47.jpg]
[htmlbeans.com/html/eagleeyes/blog.html]
[htmlbeans.com/html/eagleeyes/images/img-24.jpg]
[htmlbeans.com/html/eagleeyes/images/img-25.jpg]
[htmlbeans.com/html/eagleeyes/images/img-26.jpg]
[htmlbeans.com/html/eagleeyes/images/img-27.jpg]
[htmlbeans.com/html/eagleeyes/images/img-28.jpg]
[htmlbeans.com/html/eagleeyes/images/img-29.jpg]
[htmlbeans.com/html/eagleeyes/images/img-30.jpg]
[htmlbeans.com/html/eagleeyes/images/img-31.jpg]
[htmlbeans.com/html/eagleeyes/images/img-32.jpg]
[htmlbeans.com/html/eagleeyes/images/img-33.jpg]
[htmlbeans.com/html/eagleeyes/blog-left-sidebar.html]
[htmlbeans.com/html/eagleeyes/blog-right-sidebar.html]
[htmlbeans.com/html/eagleeyes/images/img-19.jpg]
[htmlbeans.com/html/eagleeyes/images/img-23.jpg]
[htmlbeans.com/html/eagleeyes/images/img-21.jpg]
[htmlbeans.com/html/eagleeyes/images/img-20.jpg]
[htmlbeans.com/html/eagleeyes/images/img-22.jpg]
[htmlbeans.com/html/eagleeyes/blog2.html]
[htmlbeans.com/html/eagleeyes/blog2-left-sidebar.html]
[htmlbeans.com/html/eagleeyes/blog2-right-sidebar.html]
[htmlbeans.com/html/eagleeyes/images/img-34.jpg]
[htmlbeans.com/html/eagleeyes/images/img-35.jpg]
[htmlbeans.com/html/eagleeyes/images/img-36.jpg]
[htmlbeans.com/html/eagleeyes/images/img-37.jpg]
[htmlbeans.com/html/eagleeyes/images/img-38.jpg]
[htmlbeans.com/html/eagleeyes/images/img-39.jpg]
[htmlbeans.com/html/eagleeyes/images/img-40.jpg]
[htmlbeans.com/html/eagleeyes/images/img-41.jpg]
[htmlbeans.com/html/eagleeyes/blog3.html]
[htmlbeans.com/html/eagleeyes/blog3-left-sidebar.html]
[htmlbeans.com/html/eagleeyes/blog3-right-sidebar.html]
[htmlbeans.com/html/eagleeyes/images/img-48.jpg]
[htmlbeans.com/html/eagleeyes/images/img-49.jpg]
[htmlbeans.com/html/eagleeyes/images/img-50.jpg]
[htmlbeans.com/html/eagleeyes/blog-detail.html]
[htmlbeans.com/html/eagleeyes/blog-detail-left-sidebar.html]
[htmlbeans.com/html/eagleeyes/blog-detail-right-sidebar.html]
[htmlbeans.com/html/eagleeyes/aboutus.html]
[htmlbeans.com/html/eagleeyes/images/img-61.jpg]
[htmlbeans.com/html/eagleeyes/images/marker.png]
[htmlbeans.com/html/eagleeyes/contact.html]
[htmlbeans.com/html/eagleeyes/contact2.html]
[htmlbeans.com/html/eagleeyes/shortcodes.html]
[htmlbeans.com/html/eagleeyes/shortcodes2.html]
[htmlbeans.com/html/eagleeyes/shortcodes3.html]
[htmlbeans.com/html/eagleeyes/shortcodes4.html]
[htmlbeans.com/html/eagleeyes/images/ico-10.svg]
[htmlbeans.com/html/eagleeyes/images/ico-11.svg]
[htmlbeans.com/html/eagleeyes/images/ico-12.svg]
[htmlbeans.com/html/eagleeyes/images/ico-13.svg]
[htmlbeans.com/html/eagleeyes/images/ico-14.svg]
[htmlbeans.com/html/eagleeyes/images/logo-footer.svg]
[htmlbeans.com/html/eagleeyes/inc/style-changer.html]
[htmlbeans.com/html/eagleeyes/fonts/bootstrap/glyphicons-halflings-regular.html]
[htmlbeans.com/html/eagleeyes/fonts/bootstrap/glyphicons-halflings-regular.svg]
[htmlbeans.com/html/eagleeyes/fonts/fontawesome-webfont914c.html]
[htmlbeans.com/html/eagleeyes/fonts/fontawesome-webfont914c.svg]
[htmlbeans.com/html/eagleeyes/fonts/fontello.html]
[htmlbeans.com/html/eagleeyes/fonts/icomoon.html]
[htmlbeans.com/html/eagleeyes/fonts/OCRAStd.html]
[htmlbeans.com/html/eagleeyes/fonts/muli-extralight-webfont.html]
[htmlbeans.com/html/eagleeyes/fonts/muli-extralightitalic-webfont.html]
[htmlbeans.com/html/eagleeyes/fonts/muli-light-webfont.html]
[htmlbeans.com/html/eagleeyes/fonts/muli-lightitalic-webfont.html]
[htmlbeans.com/html/eagleeyes/fonts/muli-webfont.html]
[htmlbeans.com/html/eagleeyes/fonts/muli-italic-webfont.html]
[htmlbeans.com/html/eagleeyes/fonts/muli-semibold-webfont.html]
[htmlbeans.com/html/eagleeyes/fonts/muli-semi-bolditalic-webfont.html]
[htmlbeans.com/html/eagleeyes/fonts/muli-bold-webfont.html]
[htmlbeans.com/html/eagleeyes/fonts/muli-bolditalic-webfont.html]
[htmlbeans.com/html/images/fancybox/fancybox_sprite.html]
[htmlbeans.com/html/images/fancybox/fancybox_loading.html]
[htmlbeans.com/html/images/fancybox/blank.html]
[htmlbeans.com/html/images/fancybox/fancybox_overlay.html]
